******************************************************************************
                  TI ARM Linker Unix v18.1.5                   
******************************************************************************
>> Linked Mon Apr 29 20:40:12 2019

OUTPUT FILE NAME:   <lab7.out>
ENTRY POINT SYMBOL: "_c_int00_noargs"  address: 00000dbd


MEMORY CONFIGURATION

         name            origin    length      used     unused   attr    fill
----------------------  --------  ---------  --------  --------  ----  --------
  FLASH                 00000000   00040000  00001064  0003ef9c  R  X
  SRAM                  20000000   00008000  00000f11  000070ef  RW X


SEGMENT ALLOCATION MAP

run origin  load origin   length   init length attrs members
----------  ----------- ---------- ----------- ----- -------
00000000    00000000    00001064   00001064    r-x
  00000000    00000000    0000026c   0000026c    r-- .intvecs
  0000026c    0000026c    00000bb4   00000bb4    r-x .text
  00000e20    00000e20    00000244   00000244    r-- .cinit
20000000    20000000    00000f18   00000000    rw-
  20000000    20000000    00000d11   00000000    rw- .data
  20000d18    20000d18    00000200   00000000    rw- .stack


SECTION ALLOCATION MAP

 output                                  attributes/
section   page    origin      length       input sections
--------  ----  ----------  ----------   ----------------
.intvecs   0    00000000    0000026c     
                  00000000    0000026c     tm4c123gh6pm_startup_ccs.obj (.intvecs)

.text      0    0000026c    00000bb4     
                  0000026c    0000076e     library_lab_7.obj (.text)
                  000009da    00000002     --HOLE-- [fill = 0]
                  000009dc    00000298     lab7.obj (.text)
                  00000c74    0000009c     rtsv7M4_T_le_v4SPD16_eabi.lib : memcpy_t2.asm.obj (.text)
                  00000d10    00000068                                   : copy_decompress_lzss.c.obj (.text:decompress:lzss:__TI_decompress_lzss)
                  00000d78    00000044                                   : autoinit.c.obj (.text:__TI_auto_init_nobinit_nopinit:__TI_auto_init_nobinit_nopinit)
                  00000dbc    00000038                                   : boot_cortex_m.c.obj (.text:_c_int00_noargs:_c_int00_noargs)
                  00000df4    0000000e                                   : copy_decompress_none.c.obj (.text:decompress:none:__TI_decompress_none)
                  00000e02    0000000c     tm4c123gh6pm_startup_ccs.obj (.text)
                  00000e0e    0000000a     lab7wrapper.obj (.text)
                  00000e18    00000004     rtsv7M4_T_le_v4SPD16_eabi.lib : pre_init.c.obj (.text:_system_pre_init)
                  00000e1c    00000004                                   : exit.c.obj (.text:abort:abort)

.cinit     0    00000e20    00000244     
                  00000e20    00000234     (.cinit..data.load) [load image, compression = lzss]
                  00001054    00000008     (__TI_handler_table)
                  0000105c    00000008     (__TI_cinit_table)

.init_array 
*          0    00000000    00000000     UNINITIALIZED

.data      0    20000000    00000d11     UNINITIALIZED
                  20000000    00000d11     lab7.obj (.data)

.stack     0    20000d18    00000200     UNINITIALIZED
                  20000d18    00000004     rtsv7M4_T_le_v4SPD16_eabi.lib : boot_cortex_m.c.obj (.stack)
                  20000d1c    000001fc     --HOLE--

MODULE SUMMARY

       Module                         code   ro data   rw data
       ------                         ----   -------   -------
    ./
       lab7.obj                       664    0         3345   
       library_lab_7.obj              1902   0         0      
       tm4c123gh6pm_startup_ccs.obj   12     620       0      
       lab7wrapper.obj                10     0         0      
    +--+------------------------------+------+---------+---------+
       Total:                         2588   620       3345   
                                                              
    /Applications/ti/ccsv8/tools/compiler/ti-cgt-arm_18.1.5.LTS/lib/rtsv7M4_T_le_v4SPD16_eabi.lib
       memcpy_t2.asm.obj              156    0         0      
       copy_decompress_lzss.c.obj     104    0         0      
       autoinit.c.obj                 68     0         0      
       boot_cortex_m.c.obj            56     0         0      
       copy_decompress_none.c.obj     14     0         0      
       exit.c.obj                     4      0         0      
       pre_init.c.obj                 4      0         0      
    +--+------------------------------+------+---------+---------+
       Total:                         406    0         0      
                                                              
       Stack:                         0      0         512    
       Linker Generated:              0      580       0      
    +--+------------------------------+------+---------+---------+
       Grand Total:                   2994   1200      3857   


LINKER GENERATED COPY TABLES

__TI_cinit_table @ 0000105c records: 1, size/record: 8, table size: 8
	.data: load addr=00000e20, load size=00000234 bytes, run addr=20000000, run size=00000d11 bytes, compression=lzss


LINKER GENERATED HANDLER TABLE

__TI_handler_table @ 00001054 records: 2, size/record: 4, table size: 8
	index: 0, handler: __TI_decompress_lzss
	index: 1, handler: __TI_decompress_none


GLOBAL SYMBOLS: SORTED ALPHABETICALLY BY Name 

address   name                          
-------   ----                          
00000e1d  C$$EXIT                       
00000e03  ResetISR                      
00000b49  Timer0AHandler                
00000bc1  Timer0BHandler                
00000ac1  UART0Handler                  
20000f18  __STACK_END                   
00000200  __STACK_SIZE                  
20000f18  __STACK_TOP                   
0000105c  __TI_CINIT_Base               
00001064  __TI_CINIT_Limit              
00001054  __TI_Handler_Table_Base       
0000105c  __TI_Handler_Table_Limit      
00000d79  __TI_auto_init_nobinit_nopinit
00000d11  __TI_decompress_lzss          
00000df5  __TI_decompress_none          
ffffffff  __TI_pprof_out_hndl           
ffffffff  __TI_prof_data_size           
ffffffff  __TI_prof_data_start          
00000000  __TI_static_base__            
00000c75  __aeabi_memcpy                
00000c75  __aeabi_memcpy4               
00000c75  __aeabi_memcpy8               
ffffffff  __binit__                     
ffffffff  __c_args__                    
UNDEFED   __mpu_init                    
20000d18  __stack                       
00000dbd  _c_int00_noargs               
UNDEFED   _system_post_cinit            
00000e19  _system_pre_init              
00000e1d  abort                         
ffffffff  binit                         
00000c0f  displayBoard                  
000005f5  div_and_mod                   
00000c47  end_game                      
00000000  g_pfnVectors                  
000002b9  game_play                     
000008d9  illuminate_LEDs               
00000953  illuminate_RGB_LED            
000005df  int_to_string                 
000009f9  lab7                          
00000e0f  main                          
00000c75  memcpy                        
000004a1  move_objects                  
00000b6f  new_game                      
0000026d  output_character              
000005a5  output_string                 
00000a1f  random                        
00000293  read_character                
00000645  restart_cursor                
00000c2b  start_game                    
0000045b  stop_game                     
00000769  timer_init0A                  
0000084b  timer_init0B                  
0000067f  uart_init                     


GLOBAL SYMBOLS: SORTED BY Symbol Address 

address   name                          
-------   ----                          
00000000  __TI_static_base__            
00000000  g_pfnVectors                  
00000200  __STACK_SIZE                  
0000026d  output_character              
00000293  read_character                
000002b9  game_play                     
0000045b  stop_game                     
000004a1  move_objects                  
000005a5  output_string                 
000005df  int_to_string                 
000005f5  div_and_mod                   
00000645  restart_cursor                
0000067f  uart_init                     
00000769  timer_init0A                  
0000084b  timer_init0B                  
000008d9  illuminate_LEDs               
00000953  illuminate_RGB_LED            
000009f9  lab7                          
00000a1f  random                        
00000ac1  UART0Handler                  
00000b49  Timer0AHandler                
00000b6f  new_game                      
00000bc1  Timer0BHandler                
00000c0f  displayBoard                  
00000c2b  start_game                    
00000c47  end_game                      
00000c75  __aeabi_memcpy                
00000c75  __aeabi_memcpy4               
00000c75  __aeabi_memcpy8               
00000c75  memcpy                        
00000d11  __TI_decompress_lzss          
00000d79  __TI_auto_init_nobinit_nopinit
00000dbd  _c_int00_noargs               
00000df5  __TI_decompress_none          
00000e03  ResetISR                      
00000e0f  main                          
00000e19  _system_pre_init              
00000e1d  C$$EXIT                       
00000e1d  abort                         
00001054  __TI_Handler_Table_Base       
0000105c  __TI_CINIT_Base               
0000105c  __TI_Handler_Table_Limit      
00001064  __TI_CINIT_Limit              
20000d18  __stack                       
20000f18  __STACK_END                   
20000f18  __STACK_TOP                   
ffffffff  __TI_pprof_out_hndl           
ffffffff  __TI_prof_data_size           
ffffffff  __TI_prof_data_start          
ffffffff  __binit__                     
ffffffff  __c_args__                    
ffffffff  binit                         
UNDEFED   __mpu_init                    
UNDEFED   _system_post_cinit            

[54 symbols]
